src/gitkViewProvider.ts(52,22): error TS2304: Cannot find name 'GitApi'.
src/gitkViewProvider.ts(167,62): error TS2304: Cannot find name 'GitExtensionApi'.
